// Jest Snapshot v1, https://goo.gl/fbAQLP

exports[`App App correctly renders artist question screen 1`] = `
<section
  className="game game--artist"
/>
`;

exports[`App correctly renders first screen 1`] = `
<section
  className="game game--artist"
/>
`;

exports[`App correctly renders genre question screen 1`] = `
<section
  className="game game--artist"
/>
`;
